bash: line 1: conda: command not found
已刷新：013841 银华集成电路混合C 估算涨跌幅=-1.62%
已刷新：022365 永赢科技智选混合发起C 估算涨跌幅=-1.07%
已刷新：025209 永赢先锋半导体智选混合发起C 估算涨跌幅=-1.66%
已刷新：014377 东吴新能源汽车股票C 估算涨跌幅=-1.04%
已刷新：018123 永赢数字经济智选混合发起C 估算涨跌幅=-1.22%
已刷新：024973 景顺长城中证芯片产业ETF联接C 估算涨跌幅=-1.84%
已刷新：002112 德邦鑫星价值灵活配置混合C 估算涨跌幅=-1.01%
已刷新：015968 永赢半导体产业智选混合发起C 估算涨跌幅=-1.38%
已刷新：018388 华泰柏瑞港股通红利ETF联接基金C 估算涨跌幅=-0.34%
已刷新：021528 财通成长优选混合C 估算涨跌幅=-1.44%
已刷新：023602 泰信优势领航混合C 估算涨跌幅=0.61%
已刷新：015790 永赢高端装备智选混合发起C 估算涨跌幅=-0.69%
已刷新：016531 鹏华碳中和主题混合C 估算涨跌幅=-0.13%
已刷新：015860 宝盈国证证券龙头指数发起C 估算涨跌幅=-0.45%
已刷新：025491 平安中证卫星产业指数C 估算涨跌幅=-0.85%
已刷新：025217 永赢资源慧选混合发起C 估算涨跌幅=-0.48%
已刷新：025069 景顺长城高端装备股票 估算涨跌幅=-0.33%
已刷新：023885 华夏中证金融科技主题ETF发起式联接C 估算涨跌幅=-0.25%
已刷新：018125 永赢先进制造智选混合发起C 估算涨跌幅=-0.19%
已刷新：023597 景顺长城中证港股通创新药ETF联接A 估算涨跌幅=-0.66%
已刷新：024203 永赢制造升级智选混合发起C 估算涨跌幅=-0.57%
已刷新：016503 永赢新兴消费智选混合发起C 估算涨跌幅=-0.14%
已刷新：014674 富国中证港股通互联网ETF发起式联接C 估算涨跌幅=-0.54%

已刷新：013841 银华集成电路混合C 估算涨跌幅=-2.52%
已刷新：022365 永赢科技智选混合发起C 估算涨跌幅=-0.42%
已刷新：025209 永赢先锋半导体智选混合发起C 估算涨跌幅=-1.59%
已刷新：014377 东吴新能源汽车股票C 估算涨跌幅=-1.17%
已刷新：018123 永赢数字经济智选混合发起C 估算涨跌幅=-2.08%
已刷新：024973 景顺长城中证芯片产业ETF联接C 估算涨跌幅=-2.72%
已刷新：002112 德邦鑫星价值灵活配置混合C 估算涨跌幅=0.12%
已刷新：015968 永赢半导体产业智选混合发起C 估算涨跌幅=-1.85%
已刷新：018388 华泰柏瑞港股通红利ETF联接基金C 估算涨跌幅=-0.66%
已刷新：021528 财通成长优选混合C 估算涨跌幅=-0.42%
已刷新：023602 泰信优势领航混合C 估算涨跌幅=0.44%
已刷新：015790 永赢高端装备智选混合发起C 估算涨跌幅=1.28%
已刷新：016531 鹏华碳中和主题混合C 估算涨跌幅=3.66%
已刷新：015860 宝盈国证证券龙头指数发起C 估算涨跌幅=-0.75%
已刷新：025491 平安中证卫星产业指数C 估算涨跌幅=0.29%
已刷新：025217 永赢资源慧选混合发起C 估算涨跌幅=-0.92%
已刷新：025069 景顺长城高端装备股票 估算涨跌幅=1.81%
已刷新：023885 华夏中证金融科技主题ETF发起式联接C 估算涨跌幅=0.86%
已刷新：018125 永赢先进制造智选混合发起C 估算涨跌幅=2.61%
已刷新：023597 景顺长城中证港股通创新药ETF联接A 估算涨跌幅=-1.42%
已刷新：024203 永赢制造升级智选混合发起C 估算涨跌幅=-0.24%
已刷新：016503 永赢新兴消费智选混合发起C 估算涨跌幅=-0.19%
已刷新：014674 富国中证港股通互联网ETF发起式联接C 估算涨跌幅=0.24%

正在刷新持仓数据，共 23 只基金...
已刷新：013841 银华集成电路混合C 估算涨跌幅=-3.61%
已刷新：022365 永赢科技智选混合发起C 估算涨跌幅=-0.81%
已刷新：025209 永赢先锋半导体智选混合发起C 估算涨跌幅=-2.12%
已刷新：014377 东吴新能源汽车股票C 估算涨跌幅=-2.01%
已刷新：018123 永赢数字经济智选混合发起C 估算涨跌幅=-2.44%
已刷新：024973 景顺长城中证芯片产业ETF联接C 估算涨跌幅=-3.39%
已刷新：002112 德邦鑫星价值灵活配置混合C 估算涨跌幅=-0.16%
已刷新：015968 永赢半导体产业智选混合发起C 估算涨跌幅=-2.41%
已刷新：018388 华泰柏瑞港股通红利ETF联接基金C 估算涨跌幅=-0.51%
已刷新：021528 财通成长优选混合C 估算涨跌幅=-0.82%
已刷新：023602 泰信优势领航混合C 估算涨跌幅=-0.31%
已刷新：015790 永赢高端装备智选混合发起C 估算涨跌幅=1.65%
已刷新：016531 鹏华碳中和主题混合C 估算涨跌幅=2.71%
已刷新：015860 宝盈国证证券龙头指数发起C 估算涨跌幅=-1.13%
已刷新：025491 平安中证卫星产业指数C 估算涨跌幅=0.84%
已刷新：025217 永赢资源慧选混合发起C 估算涨跌幅=-1.68%
已刷新：025069 景顺长城高端装备股票 估算涨跌幅=1.72%
已刷新：023885 华夏中证金融科技主题ETF发起式联接C 估算涨跌幅=0.2%
已刷新：018125 永赢先进制造智选混合发起C 估算涨跌幅=2.25%
已刷新：023597 景顺长城中证港股通创新药ETF联接A 估算涨跌幅=-2.0%
已刷新：024203 永赢制造升级智选混合发起C 估算涨跌幅=0.04%
已刷新：016503 永赢新兴消费智选混合发起C 估算涨跌幅=-0.35%
已刷新：014674 富国中证港股通互联网ETF发起式联接C 估算涨跌幅=-0.06%
持仓数据刷新完成。

